~/workspace$ git status
On branch main
Your branch is ahead of 'origin/main' by 25 commits.
  (use "git push" to publish your local commits)

nothing to commit, working tree clean
~/workspace$ git branch
  feat/migrate-deployment
* main
  replit-agent
  subrepl-cfjsds5w
  subrepl-djtdr3vh
~/workspace$ git checkout feat/migrate-deployment
Switched to branch 'feat/migrate-deployment'
~/workspace$ git status
On branch feat/migrate-deployment
nothing to commit, working tree clean
~/workspace$ git add. 
git: 'add.' is not a git command. See 'git --help'.

The most similar command is
    add
~/workspace$ git add .
~/workspace$ git commit -m "render update"
On branch feat/migrate-deployment
nothing to commit, working tree clean
~/workspace$ git push origin main
To https://github.com/heyubaidullah/floodguard
 ! [rejected]          main -> main (fetch first)
error: failed to push some refs to 'https://github.com/heyubaidullah/floodguard'
hint: Updates were rejected because the remote contains work that you do not
hint: have locally. This is usually caused by another repository pushing to
hint: the same ref. If you want to integrate the remote changes, use
hint: 'git pull' before pushing again.
hint: See the 'Note about fast-forwards' in 'git push --help' for details.
~/workspace$ git pull
remote: Enumerating objects: 1, done.
remote: Counting objects: 100% (1/1), done.
remote: Total 1 (delta 0), reused 0 (delta 0), pack-reused 0 (from 0)
Unpacking objects: 100% (1/1), 906 bytes | 45.00 KiB/s, done.
From https://github.com/heyubaidullah/floodguard
   bb47ebec..0db5e5d8  main       -> origin/main
There is no tracking information for the current branch.
Please specify which branch you want to merge with.
See git-pull(1) for details.

    git pull <remote> <branch>

If you wish to set tracking information for this branch you can do so with:

    git branch --set-upstream-to=<remote>/<branch> feat/migrate-deployment

~/workspace$ git push origin main
To https://github.com/heyubaidullah/floodguard
 ! [rejected]          main -> main (non-fast-forward)
error: failed to push some refs to 'https://github.com/heyubaidullah/floodguard'
hint: Updates were rejected because a pushed branch tip is behind its remote
hint: counterpart. If you want to integrate the remote changes, use 'git pull'
hint: before pushing again.
hint: See the 'Note about fast-forwards' in 'git push --help' for details.
~/workspace$ git checkout main
Switched to branch 'main'
Your branch and 'origin/main' have diverged,
and have 2 and 1 different commits each, respectively.
  (use "git pull" if you want to integrate the remote branch with yours)
~/workspace$ git pull
hint: You have divergent branches and need to specify how to reconcile them.
hint: You can do so by running one of the following commands sometime before
hint: your next pull:
hint:
hint:   git config pull.rebase false  # merge
hint:   git config pull.rebase true   # rebase
hint:   git config pull.ff only       # fast-forward only
hint:
hint: You can replace "git config" with "git config --global" to set a default
hint: preference for all repositories. You can also pass --rebase, --no-rebase,
hint: or --ff-only on the command line to override the configured default per
hint: invocation.
fatal: Need to specify how to reconcile divergent branches.
~/workspace$ 